
> lexai-frontend@1.0.0 build
> vite build

[36mvite v5.4.21 [32mbuilding for production...[36m[39m
transforming...
[32mΓ£ô[39m 1639 modules transformed.
rendering chunks...
computing gzip size...
[2mdist/[22m[32mindex.html                 [39m[1m[2m  0.62 kB[22m[1m[22m[2m Γöé gzip:  0.38 kB[22m
[2mdist/[22m[35massets/index-C63E0iW9.css  [39m[1m[2m 48.19 kB[22m[1m[22m[2m Γöé gzip:  7.63 kB[22m
[2mdist/[22m[36massets/index-D5J8veCB.js   [39m[1m[2m285.03 kB[22m[1m[22m[2m Γöé gzip: 87.71 kB[22m
[32mΓ£ô built in 7.71s[39m
